---
source: tui/src/startup_draft_tests.rs
expression: frames
---
before account picker: hidden (0x0 viewport)
---
after account picker:
╭───────────────────────────────────────╮
│ >_ OpenAI Codex (v<VERSION>)            │
│                                       │
│ model:     loading   /model to change │
│ directory: loading                    │
╰───────────────────────────────────────╯


› Ask Codex to do anything

  ? for shortcuts
