---
source: tui/src/chatwidget/slash_dispatch/codex_plus_plus/codex_plus_plus_tests.rs
expression: "render_settings(AutomaticAccountSelection::Enabled,\nWeeklyUsageWindowAutoStart::Enabled, ModelCapacityRetryMode::Bounded,)"
---

  Codex++ Settings
  Select the settings to enable.

› 1. [*] Automatic account selection  Choose and switch accounts when needed.
  2. [*] Start unused weekly windows  Keep imported accounts ready to use.
  3. [ ] Keep retrying at capacity    After 1, 2, 5, and 15 minutes, retry every
                                      15 minutes.

  Press space to toggle; enter to save; esc to cancel
