---
source: tui/src/history_cell/tests.rs
expression: "format!(\"compact:\\n{}\\ntranscript:\\n{}\", render_lines(&compact).join(\"\\n\"),\nrender_lines(&transcript).join(\"\\n\"))"
---
compact:
• Called workspace.inspect({"path":"README.md"})
  └ Error: server failed
• Edited src/lib.rs (+1 -1)
transcript:
• Searched the web for compact rendering
• Called workspace.inspect({"path":"README.md"})
  └ Error: server failed
• Edited src/lib.rs (+1 -1)
    1 -old
    1 +new
